{
	"header": {
		"fileCode": 9994,
		"fileLength": 128,
		"version": 1000,
		"shapeType": "point",
		"boundingBox": {
			"xMin": 3,
			"yMin": 4,
			"xMax": 3,
			"yMax": 4,
			"zMin": 0,
			"zMax": 0,
			"mMin": 0,
			"mMax": 0
		}
	},
	"items": []
}