{
	"header": {
		"fileCode": 9994,
		"fileLength": 676,
		"version": 1000,
		"shapeType": "polygon",
		"boundingBox": {
			"xMin": 0,
			"yMin": 0,
			"xMax": 5,
			"yMax": 5,
			"zMin": 0,
			"zMax": 0,
			"mMin": 0,
			"mMax": 0
		}
	},
	"items": []
}