{
	"header": {
		"fileCode": 9994,
		"fileLength": 376,
		"version": 1000,
		"shapeType": "polyLine",
		"boundingBox": {
			"xMin": 1,
			"yMin": 2,
			"xMax": 19,
			"yMax": 20,
			"zMin": 0,
			"zMax": 0,
			"mMin": 0,
			"mMax": 0
		}
	},
	"items": []
}